Q1) Use the appropriate command to list all files larger than 1 MB in the current directory and save the output to a file.

dineshprabhu@ubuntu:~$ cd Downloads
dineshprabhu@ubuntu:~/Downloads$ ls
 1mb-examplefile-com.txt
 2mb-examplefile-com.txt
 3mb-examplefile-com.txt
'Campus Hires 2025 – Linux - Assessment Module 1-5.pptx'
 SampleTextFile_100kb.txt
 SampleTextFile_50kb.txt
dineshprabhu@ubuntu:~/Downloads$ find . -type f -size +1M
./1mb-examplefile-com.txt
./3mb-examplefile-com.txt
./2mb-examplefile-com.txt
dineshprabhu@ubuntu:~/Downloads$ find . -type f -size +1M > output.txt
dineshprabhu@ubuntu:~/Downloads$ cat output.txt
./1mb-examplefile-com.txt
./3mb-examplefile-com.txt
./2mb-examplefile-com.txt

Q2) Replace all occurrences of "localhost" with "127.0.0.1" in a configuration file named config.txt, and save the updated file as updated_config.txt.

dineshprabhu@ubuntu:~/linuxtraining/mod2$ touch config.txt
dineshprabhu@ubuntu:~/linuxtraining/mod2$ nano config
dineshprabhu@ubuntu:~/linuxtraining/mod2$ cat config
server_name=localhost
db_host=localhost
api_endpoint=http://localhost:8080/api
log_file_path=/var/log/localhost_logs/application.log
cache_host=localhost
session_host=Localhost
dineshprabhu@ubuntu:~/linuxtraining/mod2$ sed 's/localhost/127.0.0.1/g' config > updated_config
dineshprabhu@ubuntu:~/linuxtraining/mod2$ cat updated_config
server_name=127.0.0.1
db_host=127.0.0.1
api_endpoint=http://127.0.0.1:8080/api
log_file_path=/var/log/127.0.0.1_logs/application.log
cache_host=127.0.0.1
session_host=Localhost

Q3) Use the appropriate command to search for lines containing the word "ERROR" in a log file but exclude lines containing "DEBUG". Save the results to a file named filtered_log.txt.
 log:
DEBUG: Starting the application initialization.
ERROR: Unable to connect to the database.
INFO: User 'admin' logged in successfully.
DEBUG: Fetching configuration settings from the server.
ERROR: DEBUG - Configuration settings could not be applied.
INFO: Scheduled job 'backup' completed successfully.
DEBUG: Connection to server timed out. Retrying...
ERROR: Failed to fetch data from API endpoint '/users'.
INFO: Maintenance mode activated.
ERROR: DEBUG - Query execution failed due to a syntax error.
DEBUG: Reloading application modules.
ERROR: Missing required parameter in the request.
INFO: Shutting down the system gracefully.
DEBUG: Closing unused network connections.
ERROR: DEBUG - Unexpected server response received.

dineshprabhu@ubuntu:~/linuxtraining/mod2$ touch log
dineshprabhu@ubuntu:~/linuxtraining/mod2$ nano log
dineshprabhu@ubuntu:~/linuxtraining/mod2$ cat log
DEBUG: Starting the application initialization.
ERROR: Unable to connect to the database.
INFO: User 'admin' logged in successfully.
DEBUG: Fetching configuration settings from the server.
ERROR: DEBUG - Configuration settings could not be applied.
INFO: Scheduled job 'backup' completed successfully.
DEBUG: Connection to server timed out. Retrying...
ERROR: Failed to fetch data from API endpoint '/users'.
INFO: Maintenance mode activated.
ERROR: DEBUG - Query execution failed due to a syntax error.
DEBUG: Reloading application modules.
ERROR: Missing required parameter in the request.
INFO: Shutting down the system gracefully.
DEBUG: Closing unused network connections.
ERROR: DEBUG - Unexpected server response received.
dineshprabhu@ubuntu:~/linuxtraining/mod2$ grep 'ERROR' log | grep -v 'DEBUG' > filtered_log
dineshprabhu@ubuntu:~/linuxtraining/mod2$ cat filtered_log
ERROR: Unable to connect to the database.
ERROR: Failed to fetch data from API endpoint '/users'.
ERROR: Missing required parameter in the request.

Q4) Write a code to identify the process with the highest memory usage and then terminate it.

dineshprabhu@ubuntu:~/linuxtraining/mod2$ ps aux --sort=-%mem | head -n 2
USER         PID %CPU %MEM    VSZ   RSS TTY      STAT START   TIME COMMAND
dineshp+    3424 19.9 12.7 3083196 636144 ?      Sl   20:56   6:07 /snap/firefox/4848/usr/lib/firefox/firefox -contentproc -childID 21 -isForBrowser -prefsLen 33705 -prefMapSize 254462 -jsInitLen 234840 -parentBuildID 20240829143845 -greomni /snap/firefox/4848/usr/lib/firefox/omni.ja -appomni /snap/firefox/4848/usr/lib/firefox/browser/omni.ja -appDir /snap/firefox/4848/usr/lib/firefox/browser {d796e0c4-f411-4302-bf9c-e0207d9abf35} 1870 true tab
dineshprabhu@ubuntu:~/linuxtraining/mod2$ kill 3424

Q5) Use the networking tool command and print all the gateway available in a sorted manner

root@ubuntu:~# netstat -rn
Kernel IP routing table
Destination     Gateway         Genmask         Flags   MSS Window  irtt Iface
0.0.0.0         10.0.2.2        0.0.0.0         UG        0 0          0 enp0s3
10.0.2.0        0.0.0.0         255.255.255.0   U         0 0          0 enp0s3
root@ubuntu:~# netstat -rn | awk 'NR==3,NR==4 {print $2}' | sort
0.0.0.0
10.0.2.2
